src/components/StudentPortfolio.tsx(1001,48): error TS7053: Element implicitly has an 'any' type because expression of type 'string' can't be used to index type '{ see: string; think: string; wonder: string; connect: string; challenge: string; concepts: string; changes: string; extend: string; definition: string; characteristics: string; examples: string; ... 7 more ...; viewpoint_concerns: string; }'.
  No index signature with a parameter of type 'string' was found on type '{ see: string; think: string; wonder: string; connect: string; challenge: string; concepts: string; changes: string; extend: string; definition: string; characteristics: string; examples: string; ... 7 more ...; viewpoint_concerns: string; }'.
src/components/StudentPortfolio.tsx(1003,34): error TS7053: Element implicitly has an 'any' type because expression of type 'string' can't be used to index type '{ see: string; think: string; wonder: string; connect: string; challenge: string; concepts: string; changes: string; extend: string; definition: string; characteristics: string; examples: string; ... 7 more ...; viewpoint_concerns: string; }'.
  No index signature with a parameter of type 'string' was found on type '{ see: string; think: string; wonder: string; connect: string; challenge: string; concepts: string; changes: string; extend: string; definition: string; characteristics: string; examples: string; ... 7 more ...; viewpoint_concerns: string; }'.
