src/components/AIAnalysisSection.tsx(250,50): error TS2339: Property 'comprehensive' does not exist on type 'ParsedAnalysis'.
src/components/AIAnalysisSection.tsx(251,55): error TS2339: Property 'comprehensive' does not exist on type 'ParsedAnalysis'.
src/components/AIAnalysisSection.tsx(252,56): error TS2339: Property 'comprehensive' does not exist on type 'ParsedAnalysis'.
src/components/AIAnalysisSection.tsx(254,40): error TS2339: Property 'comprehensive' does not exist on type 'ParsedAnalysis'.
src/components/AIAnalysisSection.tsx(259,43): error TS18047: 'parsedAnalysis' is possibly 'null'.
src/components/AIAnalysisSection.tsx(259,58): error TS2339: Property 'comprehensive' does not exist on type 'ParsedAnalysis'.
src/components/StudentActivityDetail.tsx(261,29): error TS2552: Cannot find name 'activityData'. Did you mean 'activityId'?
src/components/StudentActivityDetail.tsx(552,46): error TS7053: Element implicitly has an 'any' type because expression of type 'string' can't be used to index type '{ see: string; think: string; wonder: string; connect: string; challenge: string; concepts: string; changes: string; extend: string; definition: string; characteristics: string; examples: string; ... 7 more ...; viewpoint_concerns: string; }'.
  No index signature with a parameter of type 'string' was found on type '{ see: string; think: string; wonder: string; connect: string; challenge: string; concepts: string; changes: string; extend: string; definition: string; characteristics: string; examples: string; ... 7 more ...; viewpoint_concerns: string; }'.
src/components/StudentActivityDetail.tsx(554,32): error TS7053: Element implicitly has an 'any' type because expression of type 'string' can't be used to index type '{ see: string; think: string; wonder: string; connect: string; challenge: string; concepts: string; changes: string; extend: string; definition: string; characteristics: string; examples: string; ... 7 more ...; viewpoint_concerns: string; }'.
  No index signature with a parameter of type 'string' was found on type '{ see: string; think: string; wonder: string; connect: string; challenge: string; concepts: string; changes: string; extend: string; definition: string; characteristics: string; examples: string; ... 7 more ...; viewpoint_concerns: string; }'.
src/components/StudentActivityDetail.tsx(578,19): error TS18047: 'activity' is possibly 'null'.
src/components/StudentActivityDetail.tsx(578,58): error TS18047: 'activity' is possibly 'null'.
src/components/StudentActivityDetail.tsx(590,67): error TS2552: Cannot find name 'activityData'. Did you mean 'activityId'?
src/components/StudentActivityDetail.tsx(599,74): error TS2339: Property 'length' does not exist on type '{}'.
src/components/StudentActivityDetail.tsx(600,67): error TS2339: Property 'substring' does not exist on type '{}'.
src/components/StudentActivityDetail.tsx(648,83): error TS2339: Property 'length' does not exist on type '{}'.
src/components/StudentActivityDetail.tsx(660,61): error TS18047: 'activity' is possibly 'null'.
src/components/StudentActivityDetail.tsx(661,46): error TS18047: 'activity' is possibly 'null'.
src/components/StudentActivityDetail.tsx(661,70): error TS18047: 'activity' is possibly 'null'.
src/components/StudentActivityDetail.tsx(710,75): error TS18047: 'activity' is possibly 'null'.
src/components/StudentActivityDetail.tsx(710,75): error TS2345: Argument of type 'string | undefined' is not assignable to parameter of type 'string'.
  Type 'undefined' is not assignable to type 'string'.
src/components/StudentActivityDetail.tsx(727,61): error TS2552: Cannot find name 'activityData'. Did you mean 'activityId'?
src/components/StudentActivityDetail.tsx(766,43): error TS2552: Cannot find name 'activityData'. Did you mean 'activityId'?
src/components/StudentActivityDetail.tsx(767,42): error TS2552: Cannot find name 'activityData'. Did you mean 'activityId'?
src/components/StudentActivityDetail.tsx(770,77): error TS2552: Cannot find name 'activityData'. Did you mean 'activityId'?
src/components/StudentActivityDetail.tsx(770,106): error TS2552: Cannot find name 'activityData'. Did you mean 'activityId'?
src/components/StudentActivityDetail.tsx(886,67): error TS2552: Cannot find name 'activityData'. Did you mean 'activityId'?
src/components/StudentActivityDetail.tsx(895,74): error TS2339: Property 'length' does not exist on type '{}'.
src/components/StudentActivityDetail.tsx(896,67): error TS2339: Property 'substring' does not exist on type '{}'.
src/components/StudentActivityDetail.tsx(944,83): error TS2339: Property 'length' does not exist on type '{}'.
src/components/StudentActivityDetail.tsx(1035,61): error TS2552: Cannot find name 'activityData'. Did you mean 'activityId'?
src/components/StudentPortfolio.tsx(1001,48): error TS7053: Element implicitly has an 'any' type because expression of type 'string' can't be used to index type '{ see: string; think: string; wonder: string; connect: string; challenge: string; concepts: string; changes: string; extend: string; definition: string; characteristics: string; examples: string; ... 7 more ...; viewpoint_concerns: string; }'.
  No index signature with a parameter of type 'string' was found on type '{ see: string; think: string; wonder: string; connect: string; challenge: string; concepts: string; changes: string; extend: string; definition: string; characteristics: string; examples: string; ... 7 more ...; viewpoint_concerns: string; }'.
src/components/StudentPortfolio.tsx(1003,34): error TS7053: Element implicitly has an 'any' type because expression of type 'string' can't be used to index type '{ see: string; think: string; wonder: string; connect: string; challenge: string; concepts: string; changes: string; extend: string; definition: string; characteristics: string; examples: string; ... 7 more ...; viewpoint_concerns: string; }'.
  No index signature with a parameter of type 'string' was found on type '{ see: string; think: string; wonder: string; connect: string; challenge: string; concepts: string; changes: string; extend: string; definition: string; characteristics: string; examples: string; ... 7 more ...; viewpoint_concerns: string; }'.
src/components/StudentResponseDetail.tsx(103,13): error TS2345: Argument of type '{ comprehensive: any; summary: any; suggestions: any; individualSteps: any; }' is not assignable to parameter of type 'SetStateAction<{ individualSteps?: { [key: string]: string | string[]; } | undefined; summary?: string | undefined; suggestions?: string | undefined; } | null>'.
  Object literal may only specify known properties, and 'comprehensive' does not exist in type '{ individualSteps?: { [key: string]: string | string[]; } | undefined; summary?: string | undefined; suggestions?: string | undefined; } | ((prevState: { individualSteps?: { [key: string]: string | string[]; } | undefined; summary?: string | undefined; suggestions?: string | undefined; } | null) => { ...; } | null)'.
src/components/StudentResponseDetail.tsx(126,9): error TS2345: Argument of type '{ comprehensive: string; summary: string; suggestions: string; individualSteps: { [stepKey: string]: string; }; }' is not assignable to parameter of type 'SetStateAction<{ individualSteps?: { [key: string]: string | string[]; } | undefined; summary?: string | undefined; suggestions?: string | undefined; } | null>'.
  Object literal may only specify known properties, and 'comprehensive' does not exist in type '{ individualSteps?: { [key: string]: string | string[]; } | undefined; summary?: string | undefined; suggestions?: string | undefined; } | ((prevState: { individualSteps?: { [key: string]: string | string[]; } | undefined; summary?: string | undefined; suggestions?: string | undefined; } | null) => { ...; } | null)'.
src/components/StudentResponseDetail.tsx(143,9): error TS2345: Argument of type '{ comprehensive: string; summary: string; suggestions: string; individualSteps: { [key: string]: string; }; }' is not assignable to parameter of type 'SetStateAction<{ individualSteps?: { [key: string]: string | string[]; } | undefined; summary?: string | undefined; suggestions?: string | undefined; } | null>'.
  Object literal may only specify known properties, and 'comprehensive' does not exist in type '{ individualSteps?: { [key: string]: string | string[]; } | undefined; summary?: string | undefined; suggestions?: string | undefined; } | ((prevState: { individualSteps?: { [key: string]: string | string[]; } | undefined; summary?: string | undefined; suggestions?: string | undefined; } | null) => { ...; } | null)'.
src/components/StudentResponseDetail.tsx(507,42): error TS7053: Element implicitly has an 'any' type because expression of type 'string' can't be used to index type '{ see: string; think: string; wonder: string; connect: string; challenge: string; concepts: string; changes: string; extend: string; definition: string; characteristics: string; examples: string; ... 7 more ...; viewpoint_concerns: string; }'.
  No index signature with a parameter of type 'string' was found on type '{ see: string; think: string; wonder: string; connect: string; challenge: string; concepts: string; changes: string; extend: string; definition: string; characteristics: string; examples: string; ... 7 more ...; viewpoint_concerns: string; }'.
src/components/StudentResponseDetail.tsx(509,28): error TS7053: Element implicitly has an 'any' type because expression of type 'string' can't be used to index type '{ see: string; think: string; wonder: string; connect: string; challenge: string; concepts: string; changes: string; extend: string; definition: string; characteristics: string; examples: string; ... 7 more ...; viewpoint_concerns: string; }'.
  No index signature with a parameter of type 'string' was found on type '{ see: string; think: string; wonder: string; connect: string; challenge: string; concepts: string; changes: string; extend: string; definition: string; characteristics: string; examples: string; ... 7 more ...; viewpoint_concerns: string; }'.
src/components/TeacherRoomDetail.tsx(232,58): error TS2339: Property 'see' does not exist on type '{ see: string; think: string; wonder: string; } | { see: string; think: string; wonder: string; fourth_step: string; } | { see: string; think: string; wonder: string; } | { see: string; think: string; wonder: string; } | { ...; } | { ...; } | { ...; }'.
  Property 'see' does not exist on type '{ think: string; puzzle: string; explore: string; }'.
src/components/TeacherRoomDetail.tsx(234,61): error TS2339: Property 'wonder' does not exist on type '{ see: string; think: string; wonder: string; } | { see: string; think: string; wonder: string; fourth_step: string; } | { see: string; think: string; wonder: string; } | { see: string; think: string; wonder: string; } | { ...; } | { ...; } | { ...; }'.
  Property 'wonder' does not exist on type '{ think: string; puzzle: string; explore: string; }'.
src/components/TeacherRoomDetail.tsx(522,81): error TS2339: Property 'see' does not exist on type '{ see: { title: string; subtitle: string; }; think: { title: string; subtitle: string; }; wonder: { title: string; subtitle: string; }; } | { think: { title: string; subtitle: string; }; puzzle: { title: string; subtitle: string; }; explore: { ...; }; }'.
  Property 'see' does not exist on type '{ think: { title: string; subtitle: string; }; puzzle: { title: string; subtitle: string; }; explore: { title: string; subtitle: string; }; }'.
src/components/TeacherRoomDetail.tsx(534,81): error TS2339: Property 'wonder' does not exist on type '{ see: { title: string; subtitle: string; }; think: { title: string; subtitle: string; }; wonder: { title: string; subtitle: string; }; } | { think: { title: string; subtitle: string; }; puzzle: { title: string; subtitle: string; }; explore: { ...; }; }'.
  Property 'wonder' does not exist on type '{ think: { title: string; subtitle: string; }; puzzle: { title: string; subtitle: string; }; explore: { title: string; subtitle: string; }; }'.
src/components/TeacherRoomDetail.tsx(654,41): error TS2339: Property 'see' does not exist on type '{ see: { title: string; subtitle: string; }; think: { title: string; subtitle: string; }; wonder: { title: string; subtitle: string; }; } | { think: { title: string; subtitle: string; }; puzzle: { title: string; subtitle: string; }; explore: { ...; }; }'.
  Property 'see' does not exist on type '{ think: { title: string; subtitle: string; }; puzzle: { title: string; subtitle: string; }; explore: { title: string; subtitle: string; }; }'.
src/components/TeacherRoomDetail.tsx(676,41): error TS2339: Property 'wonder' does not exist on type '{ see: { title: string; subtitle: string; }; think: { title: string; subtitle: string; }; wonder: { title: string; subtitle: string; }; } | { think: { title: string; subtitle: string; }; puzzle: { title: string; subtitle: string; }; explore: { ...; }; }'.
  Property 'wonder' does not exist on type '{ think: { title: string; subtitle: string; }; puzzle: { title: string; subtitle: string; }; explore: { title: string; subtitle: string; }; }'.
src/components/ThinkingRoutineAnalysis.tsx(887,14): error TS18047: 'parsedAnalysis' is possibly 'null'.
